                                 1000 0010 =>        2
                       0100 0000 0000 0010 =>        2
             0010 0000 0000 0000 0000 0010 =>        2
   0001 0000 0000 0000 0000 0000 0000 0010 =>        2
